../Core/Src/communication.c:35:6:parse_velocity_package	24	static
../Core/Src/communication.c:52:6:init_comm	8	static
../Core/Src/communication.c:56:6:AddChecksumm8b	24	static
../Core/Src/communication.c:68:6:tx_presure	24	static
../Core/Src/communication.c:86:6:HAL_UART_ErrorCallback	16	static
../Core/Src/communication.c:94:6:update_com	8	static
../Core/Src/communication.c:116:6:I2C_SlaveTxCplt	16	static
../Core/Src/communication.c:120:6:HAL_UART_RxCpltCallback	16	static
../Core/Src/communication.c:124:6:HAL_I2C_MasterRxCpltCallback	16	static
../Core/Src/communication.c:128:6:HAL_I2C_MasterTxCpltCallback	16	static
../Core/Src/communication.c:132:6:HAL_I2C_MasterErrorCallback	16	static
../Core/Src/communication.c:136:6:HAL_I2C_SlaveRxCpltCallback	16	static
../Core/Src/communication.c:140:6:HAL_I2C_SlaveTxCpltCallback	16	static
../Core/Src/communication.c:144:6:HAL_I2C_SlaveErrorCallback	16	static
