../Core/Src/main.c:78:5:main	8	static
../Core/Src/main.c:131:6:SystemClock_Config	72	static
../Core/Src/main.c:170:13:MX_I2C1_Init	8	static
../Core/Src/main.c:204:13:MX_TIM1_Init	80	static
../Core/Src/main.c:281:13:MX_TIM2_Init	48	static
../Core/Src/main.c:342:13:MX_TIM3_Init	48	static
../Core/Src/main.c:399:13:MX_USART1_UART_Init	8	static
../Core/Src/main.c:430:13:MX_DMA_Init	16	static
../Core/Src/main.c:451:13:MX_GPIO_Init	32	static
../Core/Src/main.c:479:6:Error_Handler	4	static,ignoring_inline_asm
